=== User Audit: Sun Aug 30 22:57:50 BST 2026 ===
--- Users ---
root
daemon
bin
sys
sync
games
man
lp
mail
news
uucp
proxy
www-data
backup
list
irc
gnats
nobody
systemd-network
systemd-resolve
messagebus
systemd-timesync
syslog
_apt
uuidd
tcpdump
landscape
dejijo
dev
dnsmasq
--- Groups ---
root
daemon
bin
sys
adm
tty
disk
lp
mail
news
uucp
man
proxy
kmem
dialout
fax
voice
cdrom
floppy
tape
sudo
audio
dip
www-data
backup
operator
list
irc
src
gnats
shadow
utmp
video
sasl
plugdev
staff
games
users
nogroup
systemd-journal
systemd-network
systemd-resolve
crontab
messagebus
systemd-timesync
input
sgx
kvm
render
syslog
uuidd
tcpdump
_ssh
landscape
admin
netdev
docker
dejijo
dev
--- Total user count ---
30
